2026-08-23 20:15:14,380 INFO o.a.j.u.JMeterUtils: Setting Locale to en_PH
2026-08-23 20:15:14,392 INFO o.a.j.JMeter: Loading user properties from: user.properties
2026-08-23 20:15:14,392 INFO o.a.j.JMeter: Loading system properties from: system.properties
2026-08-23 20:15:14,392 INFO o.a.j.JMeter: Loading additional properties from: /Users/Softwares/apache-jmeter-5.6.3 2/bin/user.properties
2026-08-23 20:15:14,396 INFO o.a.j.JMeter: Copyright (c) 1998-2024 The Apache Software Foundation
2026-08-23 20:15:14,396 INFO o.a.j.JMeter: Version 5.6.3
2026-08-23 20:15:14,396 INFO o.a.j.JMeter: java.version=26.0.1
2026-08-23 20:15:14,396 INFO o.a.j.JMeter: java.vm.name=Java HotSpot(TM) 64-Bit Server VM
2026-08-23 20:15:14,396 INFO o.a.j.JMeter: os.name=Mac OS X
2026-08-23 20:15:14,396 INFO o.a.j.JMeter: os.arch=aarch64
2026-08-23 20:15:14,396 INFO o.a.j.JMeter: os.version=15.6.1
2026-08-23 20:15:14,397 INFO o.a.j.JMeter: file.encoding=UTF-8
2026-08-23 20:15:14,397 INFO o.a.j.JMeter: java.awt.headless=true
2026-08-23 20:15:14,397 INFO o.a.j.JMeter: Max memory     =2147483648
2026-08-23 20:15:14,397 INFO o.a.j.JMeter: Available Processors =8
2026-08-23 20:15:14,404 INFO o.a.j.JMeter: Default Locale=English (Philippines)
2026-08-23 20:15:14,404 INFO o.a.j.JMeter: JMeter  Locale=English (Philippines)
2026-08-23 20:15:14,404 INFO o.a.j.JMeter: JMeterHome=/Users/Softwares/apache-jmeter-5.6.3 2
2026-08-23 20:15:14,404 INFO o.a.j.JMeter: user.dir  =/Users/Softwares/apache-jmeter-5.6.3 2/bin
2026-08-23 20:15:14,404 INFO o.a.j.JMeter: PWD       =/Users/Softwares/apache-jmeter-5.6.3 2/bin
2026-08-23 20:15:14,405 INFO o.a.j.JMeter: IP: 127.0.0.1 Name: Tricias-MacBook-Air.local FullName: localhost
2026-08-23 20:15:14,412 INFO o.a.j.JMeter: Setting property 'jmeter.reportgenerator.outputdir' to:'/Users/itsmetricia/Performance Testing/Reports/report3'
2026-08-23 20:15:14,413 INFO o.a.j.r.d.ReportGenerator: ReportGenerator will use for Parsing the separator: ','
2026-08-23 20:15:14,414 INFO o.a.j.r.d.ReportGenerator: Will only generate report from results file: /Users/itsmetricia/Performance Testing/Results/result1.csv
2026-08-23 20:15:14,414 INFO o.a.j.r.d.ReportGenerator: Reading report generator properties from: /Users/Softwares/apache-jmeter-5.6.3 2/bin/reportgenerator.properties
2026-08-23 20:15:14,414 INFO o.a.j.r.d.ReportGenerator: Merging with JMeter properties
2026-08-23 20:15:14,416 INFO o.a.j.r.c.ReportGeneratorConfiguration: Property 'jmeter.reportgenerator.temp_dir' not found, using default value 'temp' instead.
2026-08-23 20:15:14,417 INFO o.a.j.r.c.ReportGeneratorConfiguration: Property 'jmeter.reportgenerator.apdex_per_transaction' not found, using default value 'null' instead.
2026-08-23 20:15:14,419 INFO o.a.j.r.c.ReportGeneratorConfiguration: apdex_per_transaction is empty, not APDEX per transaction customization
2026-08-23 20:15:14,419 INFO o.a.j.r.c.ReportGeneratorConfiguration: Property 'jmeter.reportgenerator.sample_filter' not found, using default value 'null' instead.
2026-08-23 20:15:14,419 INFO o.a.j.r.c.ReportGeneratorConfiguration: Property 'jmeter.reportgenerator.report_title' not found, using default value 'null' instead.
2026-08-23 20:15:14,419 INFO o.a.j.r.c.ReportGeneratorConfiguration: Property 'jmeter.reportgenerator.start_date' not found, using default value 'null' instead.
2026-08-23 20:15:14,419 INFO o.a.j.r.c.ReportGeneratorConfiguration: Property 'jmeter.reportgenerator.end_date' not found, using default value 'null' instead.
2026-08-23 20:15:14,419 INFO o.a.j.r.c.ReportGeneratorConfiguration: Property 'jmeter.reportgenerator.date_format' not found, using default value 'null' instead.
2026-08-23 20:15:14,421 INFO o.a.j.r.c.ReportGeneratorConfiguration: Will use date range start date: null, end date: null
2026-08-23 20:15:14,423 INFO o.a.j.r.c.ReportGeneratorConfiguration: Property 'jmeter.reportgenerator.graph.totalTPS.exclude_controllers' not found, using default value 'false' instead.
2026-08-23 20:15:14,423 INFO o.a.j.r.c.ReportGeneratorConfiguration: Property 'jmeter.reportgenerator.graph.activeThreadsOverTime.exclude_controllers' not found, using default value 'false' instead.
2026-08-23 20:15:14,423 INFO o.a.j.r.c.ReportGeneratorConfiguration: Property 'jmeter.reportgenerator.graph.timeVsThreads.exclude_controllers' not found, using default value 'false' instead.
2026-08-23 20:15:14,423 INFO o.a.j.r.c.ReportGeneratorConfiguration: Property 'jmeter.reportgenerator.graph.responseTimeDistribution.exclude_controllers' not found, using default value 'false' instead.
2026-08-23 20:15:14,423 INFO o.a.j.r.c.ReportGeneratorConfiguration: Property 'jmeter.reportgenerator.graph.transactionsPerSecond.exclude_controllers' not found, using default value 'false' instead.
2026-08-23 20:15:14,423 INFO o.a.j.r.c.ReportGeneratorConfiguration: Property 'jmeter.reportgenerator.graph.responseTimePercentiles.exclude_controllers' not found, using default value 'false' instead.
2026-08-23 20:15:14,423 INFO o.a.j.r.c.ReportGeneratorConfiguration: Property 'jmeter.reportgenerator.graph.responseTimePercentilesOverTime.exclude_controllers' not found, using default value 'false' instead.
2026-08-23 20:15:14,423 INFO o.a.j.r.c.ReportGeneratorConfiguration: Property 'jmeter.reportgenerator.graph.responseTimesOverTime.exclude_controllers' not found, using default value 'false' instead.
2026-08-23 20:15:14,423 INFO o.a.j.r.c.ReportGeneratorConfiguration: Property 'jmeter.reportgenerator.graph.connectTimeOverTime.exclude_controllers' not found, using default value 'false' instead.
2026-08-23 20:15:14,424 INFO o.a.j.r.c.ReportGeneratorConfiguration: Property 'jmeter.reportgenerator.graph.latenciesOverTime.exclude_controllers' not found, using default value 'false' instead.
2026-08-23 20:15:14,424 INFO o.a.j.r.c.ReportGeneratorConfiguration: Property 'jmeter.reportgenerator.exporter.json.filters_only_sample_series' not found, using default value 'true' instead.
2026-08-23 20:15:14,424 INFO o.a.j.r.c.ReportGeneratorConfiguration: Property 'jmeter.reportgenerator.exporter.json.series_filter' not found, using default value '' instead.
2026-08-23 20:15:14,424 INFO o.a.j.r.c.ReportGeneratorConfiguration: Property 'jmeter.reportgenerator.exporter.json.show_controllers_only' not found, using default value 'false' instead.
2026-08-23 20:15:14,424 INFO o.a.j.r.c.ReportGeneratorConfiguration: Property 'jmeter.reportgenerator.exporter.html.filters_only_sample_series' not found, using default value 'true' instead.
2026-08-23 20:15:14,424 INFO o.a.j.r.c.ReportGeneratorConfiguration: Property 'jmeter.reportgenerator.exporter.html.series_filter' not found, using default value '' instead.
2026-08-23 20:15:14,424 INFO o.a.j.r.c.ReportGeneratorConfiguration: Property 'jmeter.reportgenerator.exporter.html.show_controllers_only' not found, using default value 'false' instead.
2026-08-23 20:15:14,549 INFO o.a.j.s.SaveService: Testplan (JMX) version: 2.2. Testlog (JTL) version: 2.2
2026-08-23 20:15:14,561 INFO o.a.j.s.SaveService: Using SaveService properties version 5.0
2026-08-23 20:15:14,562 INFO o.a.j.s.SaveService: Using SaveService properties file encoding UTF-8
2026-08-23 20:15:14,571 WARN o.a.j.s.CSVSaveService: Unknown column name 1787486819412
2026-08-23 20:15:14,573 WARN o.a.j.r.c.CsvSampleReader: File '/Users/itsmetricia/Performance Testing/Results/result1.csv' does not contain the field names header, ensure the jmeter.save.saveservice.* properties are the same as when the CSV file was created or the file may be read incorrectly when generating report
2026-08-23 20:15:14,574 INFO o.a.j.r.p.NormalizerSampleConsumer: Using format, 'ms', to parse timeStamp field
2026-08-23 20:15:14,595 INFO o.a.j.r.p.AbstractSampleConsumer: class org.apache.jmeter.report.processor.AggregateConsumer#stopProducing(): beginDate produced 0 samples
2026-08-23 20:15:14,595 INFO o.a.j.r.p.AbstractSampleConsumer: class org.apache.jmeter.report.processor.AggregateConsumer#stopProducing(): endDate produced 0 samples
2026-08-23 20:15:14,596 INFO o.a.j.r.p.AbstractSampleConsumer: class org.apache.jmeter.report.processor.ApdexSummaryConsumer#stopProducing(): apdexSummary produced 0 samples
2026-08-23 20:15:14,596 INFO o.a.j.r.p.AbstractSampleConsumer: class org.apache.jmeter.report.processor.RequestsSummaryConsumer#stopProducing(): requestsSummary produced 0 samples
2026-08-23 20:15:14,599 INFO o.a.j.r.p.AbstractSampleConsumer: class org.apache.jmeter.report.processor.StatisticsSummaryConsumer#stopProducing(): statisticsSummary produced 0 samples
2026-08-23 20:15:14,600 INFO o.a.j.r.p.AbstractSampleConsumer: class org.apache.jmeter.report.processor.Top5ErrorsBySamplerConsumer#stopProducing(): top5ErrorsBySampler produced 0 samples
2026-08-23 20:15:14,600 INFO o.a.j.r.p.AbstractSampleConsumer: class org.apache.jmeter.report.processor.ErrorsSummaryConsumer#stopProducing(): errorsSummary produced 0 samples
2026-08-23 20:15:14,600 INFO o.a.j.r.p.AbstractSampleConsumer: class org.apache.jmeter.report.processor.graph.impl.HitsPerSecondGraphConsumer#stopProducing(): hitsPerSecond produced 0 samples
2026-08-23 20:15:14,605 INFO o.a.j.r.p.AbstractSampleConsumer: class org.apache.jmeter.report.processor.graph.impl.LatencyVSRequestGraphConsumer#stopProducing(): latencyVsRequest produced 0 samples
2026-08-23 20:15:14,605 INFO o.a.j.r.p.AbstractSampleConsumer: class org.apache.jmeter.report.processor.graph.impl.SyntheticResponseTimeDistributionGraphConsumer#stopProducing(): syntheticResponseTimeDistribution produced 0 samples
2026-08-23 20:15:14,605 INFO o.a.j.r.p.AbstractSampleConsumer: class org.apache.jmeter.report.processor.graph.impl.BytesThroughputGraphConsumer#stopProducing(): bytesThroughputOverTime produced 0 samples
2026-08-23 20:15:14,605 INFO o.a.j.r.p.AbstractSampleConsumer: class org.apache.jmeter.report.processor.graph.impl.CodesPerSecondGraphConsumer#stopProducing(): codesPerSecond produced 0 samples
2026-08-23 20:15:14,606 INFO o.a.j.r.p.AbstractSampleConsumer: class org.apache.jmeter.report.processor.graph.impl.ResponseTimeVSRequestGraphConsumer#stopProducing(): responseTimeVsRequest produced 0 samples
2026-08-23 20:15:14,606 INFO o.a.j.r.p.AbstractSampleConsumer: class org.apache.jmeter.report.processor.FilterConsumer#stopProducing(): startIntervalControlerFilter produced 21 samples
2026-08-23 20:15:14,606 INFO o.a.j.r.p.AbstractSampleConsumer: class org.apache.jmeter.report.processor.graph.impl.TotalTPSGraphConsumer#stopProducing(): totalTPS produced 0 samples
2026-08-23 20:15:14,606 INFO o.a.j.r.p.AbstractSampleConsumer: class org.apache.jmeter.report.processor.graph.impl.ActiveThreadsGraphConsumer#stopProducing(): activeThreadsOverTime produced 0 samples
2026-08-23 20:15:14,606 INFO o.a.j.r.p.AbstractSampleConsumer: class org.apache.jmeter.report.processor.graph.impl.TimeVSThreadGraphConsumer#stopProducing(): timeVsThreads produced 0 samples
2026-08-23 20:15:14,606 INFO o.a.j.r.p.AbstractSampleConsumer: class org.apache.jmeter.report.processor.graph.impl.ResponseTimeDistributionGraphConsumer#stopProducing(): responseTimeDistribution produced 0 samples
2026-08-23 20:15:14,606 INFO o.a.j.r.p.AbstractSampleConsumer: class org.apache.jmeter.report.processor.graph.impl.TransactionsPerSecondGraphConsumer#stopProducing(): transactionsPerSecond produced 0 samples
2026-08-23 20:15:14,606 INFO o.a.j.r.p.AbstractSampleConsumer: class org.apache.jmeter.report.processor.graph.impl.ResponseTimePercentilesGraphConsumer#stopProducing(): responseTimePercentiles produced 0 samples
2026-08-23 20:15:14,607 INFO o.a.j.r.p.AbstractSampleConsumer: class org.apache.jmeter.report.processor.graph.impl.ResponseTimePercentilesOverTimeGraphConsumer#stopProducing(): responseTimePercentilesOverTime produced 0 samples
2026-08-23 20:15:14,607 INFO o.a.j.r.p.AbstractSampleConsumer: class org.apache.jmeter.report.processor.graph.impl.ResponseTimeOverTimeGraphConsumer#stopProducing(): responseTimesOverTime produced 0 samples
2026-08-23 20:15:14,607 INFO o.a.j.r.p.AbstractSampleConsumer: class org.apache.jmeter.report.processor.graph.impl.ConnectTimeOverTimeGraphConsumer#stopProducing(): connectTimeOverTime produced 0 samples
2026-08-23 20:15:14,607 INFO o.a.j.r.p.AbstractSampleConsumer: class org.apache.jmeter.report.processor.graph.impl.LatencyOverTimeGraphConsumer#stopProducing(): latenciesOverTime produced 0 samples
2026-08-23 20:15:14,607 INFO o.a.j.r.p.AbstractSampleConsumer: class org.apache.jmeter.report.processor.FilterConsumer#stopProducing(): nameFilter produced 45 samples
2026-08-23 20:15:14,607 INFO o.a.j.r.p.AbstractSampleConsumer: class org.apache.jmeter.report.processor.FilterConsumer#stopProducing(): dateRangeFilter produced 9 samples
2026-08-23 20:15:14,607 INFO o.a.j.r.p.AbstractSampleConsumer: class org.apache.jmeter.report.processor.NormalizerSampleConsumer#stopProducing(): normalizer produced 3 samples
2026-08-23 20:15:14,607 INFO o.a.j.r.p.CsvFileSampleSource: produce(): 3 samples produced in 23ms on channel 0
2026-08-23 20:15:14,607 INFO o.a.j.r.d.ReportGenerator: Exporting data using exporter:'json' of className:'org.apache.jmeter.report.dashboard.JsonExporter'
2026-08-23 20:15:14,637 INFO o.a.j.r.d.JsonExporter: Found data for consumer statisticsSummary in context
2026-08-23 20:15:14,637 INFO o.a.j.r.d.JsonExporter: Creating statistics for overall
2026-08-23 20:15:14,637 INFO o.a.j.r.d.JsonExporter: Creating statistics for other transactions
2026-08-23 20:15:14,637 INFO o.a.j.r.d.JsonExporter: Checking output folder
2026-08-23 20:15:14,637 INFO o.a.j.r.d.JsonExporter: Writing statistics JSON to /Users/itsmetricia/Performance Testing/Reports/report3/statistics.json
2026-08-23 20:15:14,652 INFO o.a.j.r.d.ReportGenerator: Exporting data using exporter:'html' of className:'org.apache.jmeter.report.dashboard.HtmlTemplateExporter'
2026-08-23 20:15:14,653 INFO o.a.j.r.d.HtmlTemplateExporter: Will generate dashboard in folder: /Users/itsmetricia/Performance Testing/Reports/report3
2026-08-23 20:15:14,703 INFO o.a.j.r.d.HtmlTemplateExporter: Report will be generated in: /Users/itsmetricia/Performance Testing/Reports/report3, creating folder structure
2026-08-23 20:15:14,705 INFO o.a.j.r.d.TemplateVisitor: Copying folder from '/Users/Softwares/apache-jmeter-5.6.3 2/bin/report-template' to '/Users/itsmetricia/Performance Testing/Reports/report3', got message: /Users/itsmetricia/Performance Testing/Reports/report3, found non empty folder with following content [/Users/itsmetricia/Performance Testing/Reports/report3/statistics.json], will be ignored
